stm32f0xx_hal_pcd.c:136:19:HAL_PCD_Init	32	static
stm32f0xx_hal_pcd.c:217:19:HAL_PCD_DeInit	16	static
stm32f0xx_hal_pcd.c:243:13:HAL_PCD_MspInit	16	static
stm32f0xx_hal_pcd.c:258:13:HAL_PCD_MspDeInit	16	static
stm32f0xx_hal_pcd.c:292:19:HAL_PCD_Start	16	static
stm32f0xx_hal_pcd.c:305:19:HAL_PCD_Stop	16	static
stm32f0xx_hal_pcd.c:327:6:HAL_PCD_IRQHandler	24	static
stm32f0xx_hal_pcd.c:406:14:HAL_PCD_DataOutStageCallback	16	static
stm32f0xx_hal_pcd.c:423:14:HAL_PCD_DataInStageCallback	16	static
stm32f0xx_hal_pcd.c:438:14:HAL_PCD_SetupStageCallback	16	static
stm32f0xx_hal_pcd.c:453:14:HAL_PCD_SOFCallback	16	static
stm32f0xx_hal_pcd.c:468:14:HAL_PCD_ResetCallback	16	static
stm32f0xx_hal_pcd.c:483:14:HAL_PCD_SuspendCallback	16	static
stm32f0xx_hal_pcd.c:498:14:HAL_PCD_ResumeCallback	16	static
stm32f0xx_hal_pcd.c:514:14:HAL_PCD_ISOOUTIncompleteCallback	16	static
stm32f0xx_hal_pcd.c:531:14:HAL_PCD_ISOINIncompleteCallback	16	static
stm32f0xx_hal_pcd.c:547:14:HAL_PCD_ConnectCallback	16	static
stm32f0xx_hal_pcd.c:562:14:HAL_PCD_DisconnectCallback	16	static
stm32f0xx_hal_pcd.c:595:19:HAL_PCD_DevConnect	16	static
stm32f0xx_hal_pcd.c:611:19:HAL_PCD_DevDisconnect	16	static
stm32f0xx_hal_pcd.c:628:19:HAL_PCD_SetAddress	16	static
stm32f0xx_hal_pcd.c:653:19:HAL_PCD_EP_Open	40	static
stm32f0xx_hal_pcd.c:759:19:HAL_PCD_EP_Close	32	static
stm32f0xx_hal_pcd.c:832:19:HAL_PCD_EP_Receive	56	static
stm32f0xx_hal_pcd.c:881:10:HAL_PCD_EP_GetRxCount	16	static
stm32f0xx_hal_pcd.c:893:19:HAL_PCD_EP_Transmit	56	static
stm32f0xx_hal_pcd.c:956:19:HAL_PCD_EP_SetStall	32	static
stm32f0xx_hal_pcd.c:1002:19:HAL_PCD_EP_ClrStall	32	static
stm32f0xx_hal_pcd.c:1042:19:HAL_PCD_EP_Flush	16	static
stm32f0xx_hal_pcd.c:1052:19:HAL_PCD_ActivateRemoteWakeup	16	static
stm32f0xx_hal_pcd.c:1073:19:HAL_PCD_DeActivateRemoteWakeup	16	static
stm32f0xx_hal_pcd.c:1112:18:HAL_PCD_GetState	16	static
stm32f0xx_hal_pcd.c:1135:6:PCD_WritePMA	48	static
stm32f0xx_hal_pcd.c:1161:6:PCD_ReadPMA	40	static
stm32f0xx_hal_pcd.c:1188:26:PCD_EP_ISR_Handler	48	static
