MatrixKeyboard.c:22:6:Keyboard_GPIO_Init	16	static
MatrixKeyboard.c:32:6:Keyboard_Column_Activate	16	static
MatrixKeyboard.c:37:6:Keyboard_Column_Deactivate	16	static
MatrixKeyboard.c:42:6:Keyboard_HID_Init	16	static
MatrixKeyboard.c:50:6:Keyboard_HID_Send	16	static
MatrixKeyboard.c:55:6:Keyboard_Debounce	16	static
MatrixKeyboard.c:61:6:Keyboard_Row_Read	16	static
MatrixKeyboard.c:66:9:Keyboard_Matrix_Read	32	static
main.c:64:6:User_Key_Init	32	static
main.c:85:6:User_Key_Debounce	16	static
main.c:90:6:User_Key_Write	16	static
main.c:121:6:User_Key_Read	24	static
main.c:162:6:Key_HID_Init	8	static
main.c:167:6:Key_HID_Send	16	static
main.c:177:5:main	56	static
main.c:235:6:SystemClock_Config	112	static
main.c:276:13:MX_GPIO_Init	48	static
main.c:312:6:Error_Handler	8	static
